// Jest Snapshot v1, https://goo.gl/fbAQLP

exports[`should render correctly the date inputs 1`] = `
<div>
  <DateInput
    className="little-spacer-right"
    format="yy-mm-dd"
    maxDate="2016-12-27"
    name="from"
    onChange={[Function]}
    placeholder="from"
    value="2016-10-27"
  />
  â€”
  <DateInput
    className="little-spacer-left"
    format="yy-mm-dd"
    maxDate="+0"
    minDate="2016-10-27"
    name="to"
    onChange={[Function]}
    placeholder="to"
    value="2016-12-27"
  />
  <button
    className="spacer-left"
    disabled={false}
    onClick={[Function]}
  >
    project_activity.reset_dates
  </button>
</div>
`;
